// Jest Snapshot v1, https://goo.gl/fbAQLP

exports[`withCardList is rendered correctly 1`] = `<div />`;
