// Jest Snapshot v1, https://goo.gl/fbAQLP

exports[`map-test Map unit test 1`] = `
<section
  className="cities__map map"
  id="map"
/>
`;
